# Mods/Arlecchino --> Parsing bad_merged.ini...
# Mods/Arlecchino --> 
# Mods/Arlecchino --> !!!!!!!!!!!!!!!!!!!!!!!!!!!!!
# Mods/Arlecchino --> 
# Mods/Arlecchino --> KeyError: "The resource by the name, 'glitchedOutResource', does not exist"
# Mods/Arlecchino --> 
# Mods/Arlecchino --> Traceback (most recent call last):
# Mods/Arlecchino -->   File "absolute/path/../../Fix-Raiden-Boss 2.0 (for all user )/src/FixRaidenBoss2/FixRaidenBoss2.py", line 3666, in parse
# Mods/Arlecchino -->     self._resourceBlends[blend] = self._sectionIfTemplates[blend]
# Mods/Arlecchino --> KeyError: 'glitchedOutResource'
# Mods/Arlecchino --> 
# Mods/Arlecchino --> The above exception was the direct cause of the following exception:
# Mods/Arlecchino --> 
# Mods/Arlecchino --> Traceback (most recent call last):
# Mods/Arlecchino -->   File "absolute/path/../../Fix-Raiden-Boss 2.0 (for all user )/src/FixRaidenBoss2/FixRaidenBoss2.py", line 4748, in fixMod
# Mods/Arlecchino -->     iniIsFixed = self.fixIni(ini, mod, fixedRemapBlends)
# Mods/Arlecchino -->   File "absolute/path/../../Fix-Raiden-Boss 2.0 (for all user )/src/FixRaidenBoss2/FixRaidenBoss2.py", line 4681, in fixIni
# Mods/Arlecchino -->     ini.parse()
# Mods/Arlecchino -->   File "absolute/path/../../Fix-Raiden-Boss 2.0 (for all user )/src/FixRaidenBoss2/FixRaidenBoss2.py", line 3668, in parse
# Mods/Arlecchino -->     raise KeyError(f"The resource by the name, '{blend}', does not exist") from e
# Mods/Arlecchino --> KeyError: "The resource by the name, 'glitchedOutResource', does not exist"
# Mods/Arlecchino --> 
# Mods/Arlecchino --> !!!!!!!!!!!!!!!!!!!!!!!!!!!!!
# Mods/Arlecchino --> 
# Mods/Arlecchino --> Parsing good_merged.ini...
# Mods/Arlecchino --> Fixing the Blend.buf files for good_merged.ini...
# Mods/Arlecchino --> Blend file was previously fixed at absolute/path/Mods/Arlecchino/Arlecchino1/RemapBlend.buf
# Mods/Arlecchino --> Blend file was previously fixed at absolute/path/Mods/Arlecchino/Arlecchino2/RemapBlend.buf
# Mods/Arlecchino --> Making the fixed ini file for good_merged.ini
# Mods/Arlecchino --> Cleaning up and disabling the OLD STINKY ini
# Mods/Arlecchino --> 

# Mods/Ayaka --> Parsing ayaka.ini...
# Mods/Ayaka --> Fixing the Blend.buf files for ayaka.ini...
# Mods/Ayaka --> 
# Mods/Ayaka --> !!!!!!!!!!!!!!!!!!!!!!!!!!!!!
# Mods/Ayaka --> 
# Mods/Ayaka --> BlendFileNotRecognized: ERROR: Blend file format not recognized for ayakaBlend.buf at absolute/path/Mods/Ayaka
# Mods/Ayaka --> 
# Mods/Ayaka --> Traceback (most recent call last):
# Mods/Ayaka -->   File "absolute/path/../../Fix-Raiden-Boss 2.0 (for all user )/src/FixRaidenBoss2/FixRaidenBoss2.py", line 4258, in correctBlend
# Mods/Ayaka -->     correctedBlendPath = self.blendCorrection(origFullPath, modType, fixedBlendFile = fixedFullPath)
# Mods/Ayaka -->   File "absolute/path/../../Fix-Raiden-Boss 2.0 (for all user )/src/FixRaidenBoss2/FixRaidenBoss2.py", line 4133, in blendCorrection
# Mods/Ayaka -->     raise BlendFileNotRecognized(blendFile)
# Mods/Ayaka --> src.FixRaidenBoss2.FixRaidenBoss2.BlendFileNotRecognized: ERROR: Blend file format not recognized for ayakaBlend.buf at absolute/path/Mods/Ayaka
# Mods/Ayaka --> 
# Mods/Ayaka --> !!!!!!!!!!!!!!!!!!!!!!!!!!!!!
# Mods/Ayaka --> 
# Mods/Ayaka --> Making the fixed ini file for ayaka.ini
# Mods/Ayaka --> Cleaning up and disabling the OLD STINKY ini
# Mods/Ayaka --> 

# Mods/Griffith --> Parsing griffith.ini...
# Mods/Griffith --> Fixing the Blend.buf files for griffith.ini...
# Mods/Griffith --> Blend file was previously fixed at absolute/path/OneWingedAngel/EvilRemapBlend.buf
# Mods/Griffith --> Making the fixed ini file for griffith.ini
# Mods/Griffith --> Cleaning up and disabling the OLD STINKY ini
# Mods/Griffith --> 

# Mods/Arlecchino/Arlecchino1 --> Parsing DISABLED_arlecchino.ini...
# Mods/Arlecchino/Arlecchino1 --> Fixing the Blend.buf files for DISABLED_arlecchino.ini...
# Mods/Arlecchino/Arlecchino1 --> Blend file was previously fixed at absolute/path/Mods/Arlecchino/Arlecchino1/RemapBlend.buf
# Mods/Arlecchino/Arlecchino1 --> Making the fixed ini file for DISABLED_arlecchino.ini
# Mods/Arlecchino/Arlecchino1 --> Cleaning up and disabling the OLD STINKY ini
# Mods/Arlecchino/Arlecchino1 --> 

# Mods/Arlecchino/Arlecchino2 --> Parsing DISABLED_arlecchino.ini...
# Mods/Arlecchino/Arlecchino2 --> Fixing the Blend.buf files for DISABLED_arlecchino.ini...
# Mods/Arlecchino/Arlecchino2 --> Blend file was previously fixed at absolute/path/Mods/Arlecchino/Arlecchino2/RemapBlend.buf
# Mods/Arlecchino/Arlecchino2 --> Making the fixed ini file for DISABLED_arlecchino.ini
# Mods/Arlecchino/Arlecchino2 --> Cleaning up and disabling the OLD STINKY ini
# Mods/Arlecchino/Arlecchino2 --> 

# Mods/Arlecchino/Ugly --> Parsing shawshank redemption.ini...
# Mods/Arlecchino/Ugly --> 
# Mods/Arlecchino/Ugly --> !!!!!!!!!!!!!!!!!!!!!!!!!!!!!
# Mods/Arlecchino/Ugly --> 
# Mods/Arlecchino/Ugly --> KeyError: "The section by the name 'BadCommand' does not exist"
# Mods/Arlecchino/Ugly --> 
# Mods/Arlecchino/Ugly --> Traceback (most recent call last):
# Mods/Arlecchino/Ugly -->   File "absolute/path/../../Fix-Raiden-Boss 2.0 (for all user )/src/FixRaidenBoss2/FixRaidenBoss2.py", line 3536, in _getCommandIfTemplate
# Mods/Arlecchino/Ugly -->     ifTemplate = self._sectionIfTemplates[sectionName]
# Mods/Arlecchino/Ugly --> KeyError: 'BadCommand'
# Mods/Arlecchino/Ugly --> 
# Mods/Arlecchino/Ugly --> The above exception was the direct cause of the following exception:
# Mods/Arlecchino/Ugly --> 
# Mods/Arlecchino/Ugly --> Traceback (most recent call last):
# Mods/Arlecchino/Ugly -->   File "absolute/path/../../Fix-Raiden-Boss 2.0 (for all user )/src/FixRaidenBoss2/FixRaidenBoss2.py", line 4748, in fixMod
# Mods/Arlecchino/Ugly -->     iniIsFixed = self.fixIni(ini, mod, fixedRemapBlends)
# Mods/Arlecchino/Ugly -->   File "absolute/path/../../Fix-Raiden-Boss 2.0 (for all user )/src/FixRaidenBoss2/FixRaidenBoss2.py", line 4681, in fixIni
# Mods/Arlecchino/Ugly -->     ini.parse()
# Mods/Arlecchino/Ugly -->   File "absolute/path/../../Fix-Raiden-Boss 2.0 (for all user )/src/FixRaidenBoss2/FixRaidenBoss2.py", line 3661, in parse
# Mods/Arlecchino/Ugly -->     self._getBlendResources(self._textureOverrideBlendRoot, blendResources, subCommands, subCommandLst)
# Mods/Arlecchino/Ugly -->   File "absolute/path/../../Fix-Raiden-Boss 2.0 (for all user )/src/FixRaidenBoss2/FixRaidenBoss2.py", line 3586, in _getBlendResources
# Mods/Arlecchino/Ugly -->     self._getBlendResources(sectionName, blendResources, subCommands, subCommandLst)
# Mods/Arlecchino/Ugly -->   File "absolute/path/../../Fix-Raiden-Boss 2.0 (for all user )/src/FixRaidenBoss2/FixRaidenBoss2.py", line 3570, in _getBlendResources
# Mods/Arlecchino/Ugly -->     ifTemplate = self._getCommandIfTemplate(sectionName)
# Mods/Arlecchino/Ugly -->   File "absolute/path/../../Fix-Raiden-Boss 2.0 (for all user )/src/FixRaidenBoss2/FixRaidenBoss2.py", line 3539, in _getCommandIfTemplate
# Mods/Arlecchino/Ugly -->     raise KeyError(f"The section by the name '{sectionName}' does not exist") from e
# Mods/Arlecchino/Ugly --> KeyError: "The section by the name 'BadCommand' does not exist"
# Mods/Arlecchino/Ugly --> 
# Mods/Arlecchino/Ugly --> !!!!!!!!!!!!!!!!!!!!!!!!!!!!!
# Mods/Arlecchino/Ugly --> 
# Mods/Arlecchino/Ugly --> 

# Mods/Ayaka/Arlecchino --> Parsing arlecchino.ini...
# Mods/Ayaka/Arlecchino --> Fixing the Blend.buf files for arlecchino.ini...
# Mods/Ayaka/Arlecchino --> Blend file was previously fixed at absolute/path/Mods/Ayaka/Arlecchino/arlecchinoRemapBlend.buf
# Mods/Ayaka/Arlecchino --> Making the fixed ini file for arlecchino.ini
# Mods/Ayaka/Arlecchino --> Cleaning up and disabling the OLD STINKY ini
# Mods/Ayaka/Arlecchino --> 

# Mods/Ayaka/Raiden --> Parsing raiden.ini...
# Mods/Ayaka/Raiden --> the ini file, raiden.ini, is already fixed
# Mods/Ayaka/Raiden --> 

# Mods/Ei/Raiden --> Parsing tri_merge_core.ini...
# Mods/Ei/Raiden --> the ini file, tri_merge_core.ini, is already fixed
# Mods/Ei/Raiden --> 

# Mods/Ei/Raiden/leftWing --> Parsing left_wing_merge.ini...
# Mods/Ei/Raiden/leftWing --> the ini file, left_wing_merge.ini, is already fixed
# Mods/Ei/Raiden/leftWing --> 

# Mods/Ei/Raiden/rightWing --> Parsing right_wing_merge.ini...
# Mods/Ei/Raiden/rightWing --> the ini file, right_wing_merge.ini, is already fixed
# Mods/Ei/Raiden/rightWing --> 

# Mods/Ei/Raiden/Body/Center --> Parsing heart.ini...
# Mods/Ei/Raiden/Body/Center --> the ini file, heart.ini, is already fixed
# Mods/Ei/Raiden/Body/Center --> 

# OneWingedAngel --> Parsing oneWingedAngel.ini...
# OneWingedAngel --> Fixing the Blend.buf files for oneWingedAngel.ini...
# OneWingedAngel --> Blend file was previously fixed at absolute/path/OneWingedAngel/EvilRemapBlend.buf
# OneWingedAngel --> Making the fixed ini file for oneWingedAngel.ini
# OneWingedAngel --> Cleaning up and disabling the OLD STINKY ini
# OneWingedAngel --> 

# Mods --> 
# Mods --> !!!!!!!!!!!!!!!!!!!!!!!!!!!!!
# Mods --> 
# Mods --> WARNING: The following mods were skipped due to warnings (see log above):
# Mods --> 
# Mods --> - absolute/path/Mods/Arlecchino/Ugly:
# Mods --> 	--- KeyError ---
# Mods --> 	"The section by the name 'BadCommand' does not exist"
# Mods --> 
# Mods --> 
# Mods --> !!!!!!!!!!!!!!!!!!!!!!!!!!!!!
# Mods --> 
# Mods --> 
# Mods --> 
# Mods --> !!!!!!!!!!!!!!!!!!!!!!!!!!!!!
# Mods --> 
# Mods --> WARNING: The following *.ini files were skipped due to warnings (see log above):
# Mods --> 
# Mods --> - absolute/path/Mods/Arlecchino/bad_merged.ini:
# Mods --> 	--- KeyError ---
# Mods --> 	"The resource by the name, 'glitchedOutResource', does not exist"
# Mods --> 
# Mods --> - absolute/path/Mods/Arlecchino/Ugly/shawshank redemption.ini:
# Mods --> 	--- KeyError ---
# Mods --> 	"The section by the name 'BadCommand' does not exist"
# Mods --> 
# Mods --> 
# Mods --> !!!!!!!!!!!!!!!!!!!!!!!!!!!!!
# Mods --> 
# Mods --> 
# Mods --> 
# Mods --> !!!!!!!!!!!!!!!!!!!!!!!!!!!!!
# Mods --> 
# Mods --> WARNING: The following Blend.buf files were skipped due to warnings (see log above):
# Mods --> 
# Mods --> ===== Mod: Mods/Ayaka =====
# Mods --> 
# Mods --> - Ayaka/ayakaRemapBlend.buf:
# Mods --> 	--- BlendFileNotRecognized ---
# Mods --> 	ERROR: Blend file format not recognized for ayakaBlend.buf at absolute/path/Mods/Ayaka
# Mods --> 
# Mods --> ===========================
# Mods --> 
# Mods --> !!!!!!!!!!!!!!!!!!!!!!!!!!!!!
# Mods --> 
# Mods --> 
# Mods --> 
# Mods --> ========== Summary ==========
# Mods --> 
# Mods --> - Out of 13 found mods, fixed 12 mods and skipped 1 mods
# Mods --> - Out of the 14 *.ini files within the found mods, fixed 12 *.ini files and skipped 2 *.ini files
# Mods --> - Out of the 1 Blend.buf files within the found mods, fixed 0 Blend.buf files and skipped 1 Blend.buf files
# Mods --> 
# Mods --> =============================
# Mods --> 


Creating log file, RSFixLog.txt
