===== Types of Mods To Fix =====

- Raiden

================================


# Mods/Arlecchino --> 
# Mods/Arlecchino --> !!!!!!!!!!!!!!!!!!!!!!!!!!!!!
# Mods/Arlecchino --> 
# Mods/Arlecchino --> KeyError: "The resource by the name, 'glitchedOutResource', does not exist"
# Mods/Arlecchino --> 
# Mods/Arlecchino --> Traceback (most recent call last):
# Mods/Arlecchino -->   File "/mnt/d/Computer/Games/Genshin/Repos/Repos/Fix-Raiden-Boss-Fork/Testing/Integration Tester/../../Fix-Raiden-Boss 2.0 (for all user )/src/FixRaidenBoss2/FixRaidenBoss2.py", line 3659, in parse
# Mods/Arlecchino -->     self._resourceBlends[blend] = self._sectionIfTemplates[blend]
# Mods/Arlecchino --> KeyError: 'glitchedOutResource'
# Mods/Arlecchino --> 
# Mods/Arlecchino --> The above exception was the direct cause of the following exception:
# Mods/Arlecchino --> 
# Mods/Arlecchino --> Traceback (most recent call last):
# Mods/Arlecchino -->   File "/mnt/d/Computer/Games/Genshin/Repos/Repos/Fix-Raiden-Boss-Fork/Testing/Integration Tester/../../Fix-Raiden-Boss 2.0 (for all user )/src/FixRaidenBoss2/FixRaidenBoss2.py", line 4020, in removeFix
# Mods/Arlecchino -->     ini.parse()
# Mods/Arlecchino -->   File "/mnt/d/Computer/Games/Genshin/Repos/Repos/Fix-Raiden-Boss-Fork/Testing/Integration Tester/../../Fix-Raiden-Boss 2.0 (for all user )/src/FixRaidenBoss2/FixRaidenBoss2.py", line 3661, in parse
# Mods/Arlecchino -->     raise KeyError(f"The resource by the name, '{blend}', does not exist") from e
# Mods/Arlecchino --> KeyError: "The resource by the name, 'glitchedOutResource', does not exist"
# Mods/Arlecchino --> 
# Mods/Arlecchino --> !!!!!!!!!!!!!!!!!!!!!!!!!!!!!
# Mods/Arlecchino --> 
# Mods/Arlecchino --> No Previous RemapBlend.buf found at absolute/path/Mods/Arlecchino/Arlecchino1/RemapBlend.buf
# Mods/Arlecchino --> No Previous RemapBlend.buf found at absolute/path/Mods/Arlecchino/Arlecchino2/RemapBlend.buf
# Mods/Arlecchino --> 
# Mods/Arlecchino --> the ini file, bad_merged.ini, has alreaedy encountered an error
# Mods/Arlecchino --> Parsing good_merged.ini...
# Mods/Arlecchino --> Fixing the Blend.buf files for good_merged.ini...
# Mods/Arlecchino --> Blend file correction done at absolute/path/Mods/Arlecchino/Arlecchino1/RemapBlend.buf
# Mods/Arlecchino --> Blend file correction done at absolute/path/Mods/Arlecchino/Arlecchino2/RemapBlend.buf
# Mods/Arlecchino --> Making the fixed ini file for good_merged.ini
# Mods/Arlecchino --> 

# Mods/Ayaka --> No Previous RemapBlend.buf found at absolute/path/Mods/Ayaka/ayakaRemapBlend.buf
# Mods/Ayaka --> 
# Mods/Ayaka --> Parsing ayaka.ini...
# Mods/Ayaka --> Fixing the Blend.buf files for ayaka.ini...
# Mods/Ayaka --> 
# Mods/Ayaka --> !!!!!!!!!!!!!!!!!!!!!!!!!!!!!
# Mods/Ayaka --> 
# Mods/Ayaka --> BlendFileNotRecognized: ERROR: Blend file format not recognized for ayakaBlend.buf at absolute/path/Mods/Ayaka
# Mods/Ayaka --> 
# Mods/Ayaka --> Traceback (most recent call last):
# Mods/Ayaka -->   File "/mnt/d/Computer/Games/Genshin/Repos/Repos/Fix-Raiden-Boss-Fork/Testing/Integration Tester/../../Fix-Raiden-Boss 2.0 (for all user )/src/FixRaidenBoss2/FixRaidenBoss2.py", line 4241, in correctBlend
# Mods/Ayaka -->     correctedBlendPath = self.blendCorrection(origFullPath, modType, fixedBlendFile = fixedFullPath)
# Mods/Ayaka -->   File "/mnt/d/Computer/Games/Genshin/Repos/Repos/Fix-Raiden-Boss-Fork/Testing/Integration Tester/../../Fix-Raiden-Boss 2.0 (for all user )/src/FixRaidenBoss2/FixRaidenBoss2.py", line 4127, in blendCorrection
# Mods/Ayaka -->     raise BlendFileNotRecognized(blendFile)
# Mods/Ayaka --> src.FixRaidenBoss2.FixRaidenBoss2.BlendFileNotRecognized: ERROR: Blend file format not recognized for ayakaBlend.buf at absolute/path/Mods/Ayaka
# Mods/Ayaka --> 
# Mods/Ayaka --> !!!!!!!!!!!!!!!!!!!!!!!!!!!!!
# Mods/Ayaka --> 
# Mods/Ayaka --> Making the fixed ini file for ayaka.ini
# Mods/Ayaka --> 

# Mods/Griffith --> No Previous RemapBlend.buf found at absolute/path/OneWingedAngel/EvilRemapBlend.buf
# Mods/Griffith --> 
# Mods/Griffith --> Parsing griffith.ini...
# Mods/Griffith --> Fixing the Blend.buf files for griffith.ini...
# Mods/Griffith --> Blend file correction done at absolute/path/OneWingedAngel/EvilRemapBlend.buf
# Mods/Griffith --> Making the fixed ini file for griffith.ini
# Mods/Griffith --> 

# Mods/Arlecchino/Arlecchino1 --> Parsing DISABLED_arlecchino.ini...
# Mods/Arlecchino/Arlecchino1 --> Fixing the Blend.buf files for DISABLED_arlecchino.ini...
# Mods/Arlecchino/Arlecchino1 --> Blend file has already been corrected at absolute/path/Mods/Arlecchino/Arlecchino1/RemapBlend.buf
# Mods/Arlecchino/Arlecchino1 --> Making the fixed ini file for DISABLED_arlecchino.ini
# Mods/Arlecchino/Arlecchino1 --> 

# Mods/Arlecchino/Arlecchino2 --> Parsing DISABLED_arlecchino.ini...
# Mods/Arlecchino/Arlecchino2 --> Fixing the Blend.buf files for DISABLED_arlecchino.ini...
# Mods/Arlecchino/Arlecchino2 --> Blend file has already been corrected at absolute/path/Mods/Arlecchino/Arlecchino2/RemapBlend.buf
# Mods/Arlecchino/Arlecchino2 --> Making the fixed ini file for DISABLED_arlecchino.ini
# Mods/Arlecchino/Arlecchino2 --> 

# Mods/Arlecchino/Ugly --> 
# Mods/Arlecchino/Ugly --> !!!!!!!!!!!!!!!!!!!!!!!!!!!!!
# Mods/Arlecchino/Ugly --> 
# Mods/Arlecchino/Ugly --> KeyError: "The section by the name 'BadCommand' does not exist"
# Mods/Arlecchino/Ugly --> 
# Mods/Arlecchino/Ugly --> Traceback (most recent call last):
# Mods/Arlecchino/Ugly -->   File "/mnt/d/Computer/Games/Genshin/Repos/Repos/Fix-Raiden-Boss-Fork/Testing/Integration Tester/../../Fix-Raiden-Boss 2.0 (for all user )/src/FixRaidenBoss2/FixRaidenBoss2.py", line 3529, in _getCommandIfTemplate
# Mods/Arlecchino/Ugly -->     ifTemplate = self._sectionIfTemplates[sectionName]
# Mods/Arlecchino/Ugly --> KeyError: 'BadCommand'
# Mods/Arlecchino/Ugly --> 
# Mods/Arlecchino/Ugly --> The above exception was the direct cause of the following exception:
# Mods/Arlecchino/Ugly --> 
# Mods/Arlecchino/Ugly --> Traceback (most recent call last):
# Mods/Arlecchino/Ugly -->   File "/mnt/d/Computer/Games/Genshin/Repos/Repos/Fix-Raiden-Boss-Fork/Testing/Integration Tester/../../Fix-Raiden-Boss 2.0 (for all user )/src/FixRaidenBoss2/FixRaidenBoss2.py", line 4020, in removeFix
# Mods/Arlecchino/Ugly -->     ini.parse()
# Mods/Arlecchino/Ugly -->   File "/mnt/d/Computer/Games/Genshin/Repos/Repos/Fix-Raiden-Boss-Fork/Testing/Integration Tester/../../Fix-Raiden-Boss 2.0 (for all user )/src/FixRaidenBoss2/FixRaidenBoss2.py", line 3654, in parse
# Mods/Arlecchino/Ugly -->     self._getBlendResources(self._textureOverrideBlendRoot, blendResources, subCommands, subCommandLst)
# Mods/Arlecchino/Ugly -->   File "/mnt/d/Computer/Games/Genshin/Repos/Repos/Fix-Raiden-Boss-Fork/Testing/Integration Tester/../../Fix-Raiden-Boss 2.0 (for all user )/src/FixRaidenBoss2/FixRaidenBoss2.py", line 3579, in _getBlendResources
# Mods/Arlecchino/Ugly -->     self._getBlendResources(sectionName, blendResources, subCommands, subCommandLst)
# Mods/Arlecchino/Ugly -->   File "/mnt/d/Computer/Games/Genshin/Repos/Repos/Fix-Raiden-Boss-Fork/Testing/Integration Tester/../../Fix-Raiden-Boss 2.0 (for all user )/src/FixRaidenBoss2/FixRaidenBoss2.py", line 3563, in _getBlendResources
# Mods/Arlecchino/Ugly -->     ifTemplate = self._getCommandIfTemplate(sectionName)
# Mods/Arlecchino/Ugly -->   File "/mnt/d/Computer/Games/Genshin/Repos/Repos/Fix-Raiden-Boss-Fork/Testing/Integration Tester/../../Fix-Raiden-Boss 2.0 (for all user )/src/FixRaidenBoss2/FixRaidenBoss2.py", line 3532, in _getCommandIfTemplate
# Mods/Arlecchino/Ugly -->     raise KeyError(f"The section by the name '{sectionName}' does not exist") from e
# Mods/Arlecchino/Ugly --> KeyError: "The section by the name 'BadCommand' does not exist"
# Mods/Arlecchino/Ugly --> 
# Mods/Arlecchino/Ugly --> !!!!!!!!!!!!!!!!!!!!!!!!!!!!!
# Mods/Arlecchino/Ugly --> 
# Mods/Arlecchino/Ugly --> the ini file, shawshank redemption.ini, has alreaedy encountered an error
# Mods/Arlecchino/Ugly --> 

# Mods/Ayaka/Arlecchino --> No Previous RemapBlend.buf found at absolute/path/Mods/Ayaka/Arlecchino/arlecchinoRemapBlend.buf
# Mods/Ayaka/Arlecchino --> 
# Mods/Ayaka/Arlecchino --> Parsing arlecchino.ini...
# Mods/Ayaka/Arlecchino --> Fixing the Blend.buf files for arlecchino.ini...
# Mods/Ayaka/Arlecchino --> Blend file correction done at absolute/path/Mods/Ayaka/Arlecchino/arlecchinoRemapBlend.buf
# Mods/Ayaka/Arlecchino --> Making the fixed ini file for arlecchino.ini
# Mods/Ayaka/Arlecchino --> 

# Mods/Ayaka/Raiden --> Removing any previous changes from this script in raiden.ini
# Mods/Ayaka/Raiden --> 
# Mods/Ayaka/Raiden --> Parsing raiden.ini...
# Mods/Ayaka/Raiden --> Fixing the Blend.buf files for raiden.ini...
# Mods/Ayaka/Raiden --> Making the fixed ini file for raiden.ini
# Mods/Ayaka/Raiden --> 

# Mods/Ei/Raiden --> No Previous RemapBlend.buf found at absolute/path/Mods/Ei/Raiden/Body/BodyEntityRemapBlend.buf
# Mods/Ei/Raiden --> No Previous RemapBlend.buf found at absolute/path/Mods/Ei/Raiden/leftWing/LeftWingEntityRemapBlend.buf
# Mods/Ei/Raiden --> No Previous RemapBlend.buf found at absolute/path/Mods/Ei/Raiden/rightWing/RightWingEntityRemapBlend.buf
# Mods/Ei/Raiden --> 
# Mods/Ei/Raiden --> Removing any previous changes from this script in tri_merge_core.ini
# Mods/Ei/Raiden --> 
# Mods/Ei/Raiden --> Parsing tri_merge_core.ini...
# Mods/Ei/Raiden --> Fixing the Blend.buf files for tri_merge_core.ini...
# Mods/Ei/Raiden --> Blend file correction done at absolute/path/Mods/Ei/Raiden/Body/BodyEntityRemapBlend.buf
# Mods/Ei/Raiden --> Blend file correction done at absolute/path/Mods/Ei/Raiden/leftWing/LeftWingEntityRemapBlend.buf
# Mods/Ei/Raiden --> Blend file correction done at absolute/path/Mods/Ei/Raiden/rightWing/RightWingEntityRemapBlend.buf
# Mods/Ei/Raiden --> Making the fixed ini file for tri_merge_core.ini
# Mods/Ei/Raiden --> 

# Mods/Ei/Raiden/leftWing --> No Previous RemapBlend.buf found at absolute/path/Mods/Ei/Raiden/rightWing/listeners/rightWingListenerRemapBlend.buf
# Mods/Ei/Raiden/leftWing --> No Previous RemapBlend.buf found at absolute/path/Mods/Ei/Raiden/Body/listeners/heartListenerRemapBlend.buf
# Mods/Ei/Raiden/leftWing --> No Previous RemapBlend.buf found at absolute/path/Mods/Ei/Raiden/rightWing/controllers/rightWingControllerRemapBlend.buf
# Mods/Ei/Raiden/leftWing --> No Previous RemapBlend.buf found at absolute/path/Mods/Ei/Raiden/Body/controllers/heartPumpControllerRemapBlend.buf
# Mods/Ei/Raiden/leftWing --> 
# Mods/Ei/Raiden/leftWing --> Removing any previous changes from this script in left_wing_merge.ini
# Mods/Ei/Raiden/leftWing --> 
# Mods/Ei/Raiden/leftWing --> Parsing left_wing_merge.ini...
# Mods/Ei/Raiden/leftWing --> Fixing the Blend.buf files for left_wing_merge.ini...
# Mods/Ei/Raiden/leftWing --> Blend file correction done at absolute/path/Mods/Ei/Raiden/rightWing/listeners/rightWingListenerRemapBlend.buf
# Mods/Ei/Raiden/leftWing --> Blend file correction done at absolute/path/Mods/Ei/Raiden/Body/listeners/heartListenerRemapBlend.buf
# Mods/Ei/Raiden/leftWing --> Blend file has already been corrected at absolute/path/Mods/Ei/Raiden/leftWing/LeftWingEntityRemapBlend.buf
# Mods/Ei/Raiden/leftWing --> Blend file correction done at absolute/path/Mods/Ei/Raiden/rightWing/controllers/rightWingControllerRemapBlend.buf
# Mods/Ei/Raiden/leftWing --> Blend file correction done at absolute/path/Mods/Ei/Raiden/Body/controllers/heartPumpControllerRemapBlend.buf
# Mods/Ei/Raiden/leftWing --> Making the fixed ini file for left_wing_merge.ini
# Mods/Ei/Raiden/leftWing --> 

# Mods/Ei/Raiden/rightWing --> No Previous RemapBlend.buf found at absolute/path/Mods/Ei/Raiden/leftWing/listeners/leftWingListenerRemapBlend.buf
# Mods/Ei/Raiden/rightWing --> No Previous RemapBlend.buf found at absolute/path/Mods/Ei/Raiden/leftWing/controllers/leftWingControllerRemapBlend.buf
# Mods/Ei/Raiden/rightWing --> 
# Mods/Ei/Raiden/rightWing --> Removing any previous changes from this script in right_wing_merge.ini
# Mods/Ei/Raiden/rightWing --> 
# Mods/Ei/Raiden/rightWing --> Parsing right_wing_merge.ini...
# Mods/Ei/Raiden/rightWing --> Fixing the Blend.buf files for right_wing_merge.ini...
# Mods/Ei/Raiden/rightWing --> Blend file correction done at absolute/path/Mods/Ei/Raiden/leftWing/listeners/leftWingListenerRemapBlend.buf
# Mods/Ei/Raiden/rightWing --> Blend file has already been corrected at absolute/path/Mods/Ei/Raiden/Body/listeners/heartListenerRemapBlend.buf
# Mods/Ei/Raiden/rightWing --> Blend file has already been corrected at absolute/path/Mods/Ei/Raiden/rightWing/RightWingEntityRemapBlend.buf
# Mods/Ei/Raiden/rightWing --> Blend file correction done at absolute/path/Mods/Ei/Raiden/leftWing/controllers/leftWingControllerRemapBlend.buf
# Mods/Ei/Raiden/rightWing --> Blend file has already been corrected at absolute/path/Mods/Ei/Raiden/Body/controllers/heartPumpControllerRemapBlend.buf
# Mods/Ei/Raiden/rightWing --> Making the fixed ini file for right_wing_merge.ini
# Mods/Ei/Raiden/rightWing --> 

# Mods/Ei/Raiden/Body/Center --> No Previous RemapBlend.buf found at absolute/path/Makoto/MakotoRemapBlend.buf
# Mods/Ei/Raiden/Body/Center --> No Previous RemapBlend.buf found at absolute/path/Mods/Ei/Raiden/Body/whoopsIReferencedTheWrongThingRemapBlend.buf
# Mods/Ei/Raiden/Body/Center --> 
# Mods/Ei/Raiden/Body/Center --> Removing any previous changes from this script in heart.ini
# Mods/Ei/Raiden/Body/Center --> 
# Mods/Ei/Raiden/Body/Center --> Parsing heart.ini...
# Mods/Ei/Raiden/Body/Center --> Fixing the Blend.buf files for heart.ini...
# Mods/Ei/Raiden/Body/Center --> Blend file correction done at absolute/path/Makoto/MakotoRemapBlend.buf
# Mods/Ei/Raiden/Body/Center --> Blend file has already been corrected at absolute/path/Mods/Ei/Raiden/rightWing/listeners/rightWingListenerRemapBlend.buf
# Mods/Ei/Raiden/Body/Center --> Blend file has already been corrected at absolute/path/Mods/Ei/Raiden/leftWing/listeners/leftWingListenerRemapBlend.buf
# Mods/Ei/Raiden/Body/Center --> 
# Mods/Ei/Raiden/Body/Center --> !!!!!!!!!!!!!!!!!!!!!!!!!!!!!
# Mods/Ei/Raiden/Body/Center --> 
# Mods/Ei/Raiden/Body/Center --> FileNotFoundError: [Errno 2] No such file or directory: 'absolute/path/Mods/Ei/Raiden/Body/whoopsIReferencedTheWrongThing.buf'
# Mods/Ei/Raiden/Body/Center --> 
# Mods/Ei/Raiden/Body/Center --> Traceback (most recent call last):
# Mods/Ei/Raiden/Body/Center -->   File "/mnt/d/Computer/Games/Genshin/Repos/Repos/Fix-Raiden-Boss-Fork/Testing/Integration Tester/../../Fix-Raiden-Boss 2.0 (for all user )/src/FixRaidenBoss2/FixRaidenBoss2.py", line 4241, in correctBlend
# Mods/Ei/Raiden/Body/Center -->     correctedBlendPath = self.blendCorrection(origFullPath, modType, fixedBlendFile = fixedFullPath)
# Mods/Ei/Raiden/Body/Center -->   File "/mnt/d/Computer/Games/Genshin/Repos/Repos/Fix-Raiden-Boss-Fork/Testing/Integration Tester/../../Fix-Raiden-Boss 2.0 (for all user )/src/FixRaidenBoss2/FixRaidenBoss2.py", line 4120, in blendCorrection
# Mods/Ei/Raiden/Body/Center -->     with open(blendFile, "rb") as f:
# Mods/Ei/Raiden/Body/Center --> FileNotFoundError: [Errno 2] No such file or directory: 'absolute/path/Mods/Ei/Raiden/Body/whoopsIReferencedTheWrongThing.buf'
# Mods/Ei/Raiden/Body/Center --> 
# Mods/Ei/Raiden/Body/Center --> !!!!!!!!!!!!!!!!!!!!!!!!!!!!!
# Mods/Ei/Raiden/Body/Center --> 
# Mods/Ei/Raiden/Body/Center --> Blend file has already been corrected at absolute/path/Mods/Ei/Raiden/rightWing/controllers/rightWingControllerRemapBlend.buf
# Mods/Ei/Raiden/Body/Center --> Blend file has already been corrected at absolute/path/Mods/Ei/Raiden/leftWing/controllers/leftWingControllerRemapBlend.buf
# Mods/Ei/Raiden/Body/Center --> Making the fixed ini file for heart.ini
# Mods/Ei/Raiden/Body/Center --> 

# OneWingedAngel --> Parsing oneWingedAngel.ini...
# OneWingedAngel --> Fixing the Blend.buf files for oneWingedAngel.ini...
# OneWingedAngel --> Blend file has already been corrected at absolute/path/OneWingedAngel/EvilRemapBlend.buf
# OneWingedAngel --> Making the fixed ini file for oneWingedAngel.ini
# OneWingedAngel --> 

# Mods --> 
# Mods --> !!!!!!!!!!!!!!!!!!!!!!!!!!!!!
# Mods --> 
# Mods --> WARNING: The following mods were skipped due to warnings (see log above):
# Mods --> 
# Mods --> - absolute/path/Mods/Arlecchino/Ugly:
# Mods --> 	--- KeyError ---
# Mods --> 	"The section by the name 'BadCommand' does not exist"
# Mods --> 
# Mods --> 
# Mods --> !!!!!!!!!!!!!!!!!!!!!!!!!!!!!
# Mods --> 
# Mods --> 
# Mods --> 
# Mods --> !!!!!!!!!!!!!!!!!!!!!!!!!!!!!
# Mods --> 
# Mods --> WARNING: The following *.ini files were skipped due to warnings (see log above):
# Mods --> 
# Mods --> - absolute/path/Mods/Arlecchino/bad_merged.ini:
# Mods --> 	--- KeyError ---
# Mods --> 	"The resource by the name, 'glitchedOutResource', does not exist"
# Mods --> 
# Mods --> - absolute/path/Mods/Arlecchino/Ugly/shawshank redemption.ini:
# Mods --> 	--- KeyError ---
# Mods --> 	"The section by the name 'BadCommand' does not exist"
# Mods --> 
# Mods --> 
# Mods --> !!!!!!!!!!!!!!!!!!!!!!!!!!!!!
# Mods --> 
# Mods --> 
# Mods --> 
# Mods --> !!!!!!!!!!!!!!!!!!!!!!!!!!!!!
# Mods --> 
# Mods --> WARNING: The following Blend.buf files were skipped due to warnings (see log above):
# Mods --> 
# Mods --> ===== Mod: Mods/Ayaka =====
# Mods --> 
# Mods --> - Ayaka/ayakaRemapBlend.buf:
# Mods --> 	--- BlendFileNotRecognized ---
# Mods --> 	ERROR: Blend file format not recognized for ayakaBlend.buf at absolute/path/Mods/Ayaka
# Mods --> 
# Mods --> ===========================
# Mods --> ===== Mod: Mods/Ei/Raiden/Body/Center =====
# Mods --> 
# Mods --> - Ei/Raiden/Body/whoopsIReferencedTheWrongThingRemapBlend.buf:
# Mods --> 	--- FileNotFoundError ---
# Mods --> 	[Errno 2] No such file or directory: 'absolute/path/Mods/Ei/Raiden/Body/whoopsIReferencedTheWrongThing.buf'
# Mods --> 
# Mods --> ===========================================
# Mods --> 
# Mods --> !!!!!!!!!!!!!!!!!!!!!!!!!!!!!
# Mods --> 
# Mods --> 
# Mods --> 
# Mods --> ========== Summary ==========
# Mods --> 
# Mods --> - Out of 13 found mods, fixed 12 mods and skipped 1 mods
# Mods --> - Out of the 14 *.ini files within the found mods, fixed 12 *.ini files and skipped 2 *.ini file files
# Mods --> - Out of the 16 Blend.buf files within the found mods, fixed 14 Blend.buf files and skipped 2 Blend.buf files
# Mods --> 
# Mods --> =============================
# Mods --> 


Creating log file, RSFixLog.txt
