# Mods/Arlecchino --> 
# Mods/Arlecchino --> !!!!!!!!!!!!!!!!!!!!!!!!!!!!!
# Mods/Arlecchino --> 
# Mods/Arlecchino --> KeyError: "The section by the name 'glitchedOutResource' does not exist"
# Mods/Arlecchino --> 
# Mods/Arlecchino --> Traceback (most recent call last):
# Mods/Arlecchino -->   File "absolute/path/../../Fix-Raiden-Boss 2.0 (for all user )/api/src/FixRaidenBoss2/FixRaidenBoss2.py", line 4208, in getSection
# Mods/Arlecchino -->     ifTemplate = self._allSections[sectionName]
# Mods/Arlecchino --> KeyError: 'glitchedOutResource'
# Mods/Arlecchino --> 
# Mods/Arlecchino --> The above exception was the direct cause of the following exception:
# Mods/Arlecchino --> 
# Mods/Arlecchino --> Traceback (most recent call last):
# Mods/Arlecchino -->   File "absolute/path/../../Fix-Raiden-Boss 2.0 (for all user )/api/src/FixRaidenBoss2/FixRaidenBoss2.py", line 7411, in removeFix
# Mods/Arlecchino -->     ini.parse()
# Mods/Arlecchino -->   File "absolute/path/../../Fix-Raiden-Boss 2.0 (for all user )/api/src/FixRaidenBoss2/FixRaidenBoss2.py", line 6909, in parse
# Mods/Arlecchino -->     self._resourceCommandsGraph.build(newTargetSections = resourceCommandLst, newAllSections = self._sectionIfTemplates)
# Mods/Arlecchino -->   File "absolute/path/../../Fix-Raiden-Boss 2.0 (for all user )/api/src/FixRaidenBoss2/FixRaidenBoss2.py", line 4178, in build
# Mods/Arlecchino -->     self.construct()
# Mods/Arlecchino -->   File "absolute/path/../../Fix-Raiden-Boss 2.0 (for all user )/api/src/FixRaidenBoss2/FixRaidenBoss2.py", line 4258, in construct
# Mods/Arlecchino -->     ifTemplate = self.getSection(sectionName)
# Mods/Arlecchino -->   File "absolute/path/../../Fix-Raiden-Boss 2.0 (for all user )/api/src/FixRaidenBoss2/FixRaidenBoss2.py", line 4211, in getSection
# Mods/Arlecchino -->     raise KeyError(f"The section by the name '{sectionName}' does not exist") from e
# Mods/Arlecchino --> KeyError: "The section by the name 'glitchedOutResource' does not exist"
# Mods/Arlecchino --> 
# Mods/Arlecchino --> !!!!!!!!!!!!!!!!!!!!!!!!!!!!!
# Mods/Arlecchino --> 
# Mods/Arlecchino --> Creating Backup for good_merged.ini
# Mods/Arlecchino --> Removing any previous changes from this script in good_merged.ini
# Mods/Arlecchino --> 
# Mods/Arlecchino --> No Previous RemapBlend.buf found at absolute/path/Mods/Arlecchino/Arlecchino1/RaidenBossRemapBlend.buf
# Mods/Arlecchino --> No Previous RemapBlend.buf found at absolute/path/Mods/Arlecchino/Arlecchino2/RaidenBossRemapBlend.buf
# Mods/Arlecchino --> 
# Mods/Arlecchino --> 
# Mods/Arlecchino --> 

# Mods/Ayaka --> Creating Backup for ayaka.ini
# Mods/Ayaka --> Removing any previous changes from this script in ayaka.ini
# Mods/Ayaka --> 
# Mods/Ayaka --> No Previous RemapBlend.buf found at absolute/path/Mods/Ayaka/ayakaRaidenBossRemapBlend.buf
# Mods/Ayaka --> 
# Mods/Ayaka --> 

# Mods/Griffith --> Creating Backup for griffith.ini
# Mods/Griffith --> Removing any previous changes from this script in griffith.ini
# Mods/Griffith --> 
# Mods/Griffith --> No Previous RemapBlend.buf found at absolute/path/OneWingedAngel/EvilRaidenBossRemapBlend.buf
# Mods/Griffith --> 
# Mods/Griffith --> 

# Mods/Arlecchino/Arlecchino1 --> Creating Backup for DISABLED_arlecchino.ini
# Mods/Arlecchino/Arlecchino1 --> Removing any previous changes from this script in DISABLED_arlecchino.ini
# Mods/Arlecchino/Arlecchino1 --> 
# Mods/Arlecchino/Arlecchino1 --> 

# Mods/Arlecchino/Arlecchino2 --> Creating Backup for DISABLED_arlecchino.ini
# Mods/Arlecchino/Arlecchino2 --> Removing any previous changes from this script in DISABLED_arlecchino.ini
# Mods/Arlecchino/Arlecchino2 --> 
# Mods/Arlecchino/Arlecchino2 --> 

# Mods/Arlecchino/Ugly --> 
# Mods/Arlecchino/Ugly --> !!!!!!!!!!!!!!!!!!!!!!!!!!!!!
# Mods/Arlecchino/Ugly --> 
# Mods/Arlecchino/Ugly --> KeyError: "The section by the name 'BadCommand' does not exist"
# Mods/Arlecchino/Ugly --> 
# Mods/Arlecchino/Ugly --> Traceback (most recent call last):
# Mods/Arlecchino/Ugly -->   File "absolute/path/../../Fix-Raiden-Boss 2.0 (for all user )/api/src/FixRaidenBoss2/FixRaidenBoss2.py", line 4208, in getSection
# Mods/Arlecchino/Ugly -->     ifTemplate = self._allSections[sectionName]
# Mods/Arlecchino/Ugly --> KeyError: 'BadCommand'
# Mods/Arlecchino/Ugly --> 
# Mods/Arlecchino/Ugly --> The above exception was the direct cause of the following exception:
# Mods/Arlecchino/Ugly --> 
# Mods/Arlecchino/Ugly --> Traceback (most recent call last):
# Mods/Arlecchino/Ugly -->   File "absolute/path/../../Fix-Raiden-Boss 2.0 (for all user )/api/src/FixRaidenBoss2/FixRaidenBoss2.py", line 7411, in removeFix
# Mods/Arlecchino/Ugly -->     ini.parse()
# Mods/Arlecchino/Ugly -->   File "absolute/path/../../Fix-Raiden-Boss 2.0 (for all user )/api/src/FixRaidenBoss2/FixRaidenBoss2.py", line 6894, in parse
# Mods/Arlecchino/Ugly -->     self._blendCommandsGraph.build(newTargetSections = subCommands, newAllSections = self._sectionIfTemplates)
# Mods/Arlecchino/Ugly -->   File "absolute/path/../../Fix-Raiden-Boss 2.0 (for all user )/api/src/FixRaidenBoss2/FixRaidenBoss2.py", line 4178, in build
# Mods/Arlecchino/Ugly -->     self.construct()
# Mods/Arlecchino/Ugly -->   File "absolute/path/../../Fix-Raiden-Boss 2.0 (for all user )/api/src/FixRaidenBoss2/FixRaidenBoss2.py", line 4268, in construct
# Mods/Arlecchino/Ugly -->     self._dfsExplore(section, visited, runSequence)
# Mods/Arlecchino/Ugly -->   File "absolute/path/../../Fix-Raiden-Boss 2.0 (for all user )/api/src/FixRaidenBoss2/FixRaidenBoss2.py", line 4237, in _dfsExplore
# Mods/Arlecchino/Ugly -->     neighbourSection = self.getSection(subSection)
# Mods/Arlecchino/Ugly -->   File "absolute/path/../../Fix-Raiden-Boss 2.0 (for all user )/api/src/FixRaidenBoss2/FixRaidenBoss2.py", line 4211, in getSection
# Mods/Arlecchino/Ugly -->     raise KeyError(f"The section by the name '{sectionName}' does not exist") from e
# Mods/Arlecchino/Ugly --> KeyError: "The section by the name 'BadCommand' does not exist"
# Mods/Arlecchino/Ugly --> 
# Mods/Arlecchino/Ugly --> !!!!!!!!!!!!!!!!!!!!!!!!!!!!!
# Mods/Arlecchino/Ugly --> 
# Mods/Arlecchino/Ugly --> 

# Mods/Ayaka/Arlecchino --> Creating Backup for arlecchino.ini
# Mods/Ayaka/Arlecchino --> Removing any previous changes from this script in arlecchino.ini
# Mods/Ayaka/Arlecchino --> 
# Mods/Ayaka/Arlecchino --> No Previous RemapBlend.buf found at absolute/path/Mods/Ayaka/Arlecchino/arlecchinoRaidenBossRemapBlend.buf
# Mods/Ayaka/Arlecchino --> 
# Mods/Ayaka/Arlecchino --> 

# Mods/Ayaka/Raiden --> Creating Backup for raiden.ini
# Mods/Ayaka/Raiden --> Removing any previous changes from this script in raiden.ini
# Mods/Ayaka/Raiden --> 
# Mods/Ayaka/Raiden --> 

# Mods/Ei/Raiden --> Creating Backup for tri_merge_core.ini
# Mods/Ei/Raiden --> Removing any previous changes from this script in tri_merge_core.ini
# Mods/Ei/Raiden --> 
# Mods/Ei/Raiden --> Removing previous RemapBlend.buf at absolute/path/Mods/Ei/Raiden/Body/BodyEntityRaidenBossRemapBlend.buf
# Mods/Ei/Raiden --> Removing previous RemapBlend.buf at absolute/path/Mods/Ei/Raiden/leftWing/LeftWingEntityRaidenBossRemapBlend.buf
# Mods/Ei/Raiden --> Removing previous RemapBlend.buf at absolute/path/Mods/Ei/Raiden/rightWing/RightWingEntityRaidenBossRemapBlend.buf
# Mods/Ei/Raiden --> 
# Mods/Ei/Raiden --> 

# Mods/Ei/Raiden/leftWing --> Creating Backup for left_wing_merge.ini
# Mods/Ei/Raiden/leftWing --> Removing any previous changes from this script in left_wing_merge.ini
# Mods/Ei/Raiden/leftWing --> 
# Mods/Ei/Raiden/leftWing --> Removing previous RemapBlend.buf at absolute/path/Mods/Ei/Raiden/Body/listeners/heartListenerRaidenBossRemapBlend.buf
# Mods/Ei/Raiden/leftWing --> Removing previous RemapBlend.buf at absolute/path/Mods/Ei/Raiden/Body/controllers/heartPumpControllerRaidenBossRemapBlend.buf
# Mods/Ei/Raiden/leftWing --> Removing previous RemapBlend.buf at absolute/path/Mods/Ei/Raiden/rightWing/listeners/rightWingListenerRaidenBossRemapBlend.buf
# Mods/Ei/Raiden/leftWing --> Removing previous RemapBlend.buf at absolute/path/Mods/Ei/Raiden/rightWing/controllers/rightWingControllerRaidenBossRemapBlend.buf
# Mods/Ei/Raiden/leftWing --> 
# Mods/Ei/Raiden/leftWing --> 

# Mods/Ei/Raiden/rightWing --> Creating Backup for right_wing_merge.ini
# Mods/Ei/Raiden/rightWing --> Removing any previous changes from this script in right_wing_merge.ini
# Mods/Ei/Raiden/rightWing --> 
# Mods/Ei/Raiden/rightWing --> Removing previous RemapBlend.buf at absolute/path/Mods/Ei/Raiden/leftWing/listeners/leftWingListenerRaidenBossRemapBlend.buf
# Mods/Ei/Raiden/rightWing --> Removing previous RemapBlend.buf at absolute/path/Mods/Ei/Raiden/leftWing/controllers/leftWingControllerRaidenBossRemapBlend.buf
# Mods/Ei/Raiden/rightWing --> 
# Mods/Ei/Raiden/rightWing --> 

# Mods/Ei/Raiden/Body/Center --> Creating Backup for heart.ini
# Mods/Ei/Raiden/Body/Center --> Removing any previous changes from this script in heart.ini
# Mods/Ei/Raiden/Body/Center --> 
# Mods/Ei/Raiden/Body/Center --> No Previous RemapBlend.buf found at absolute/path/Mods/Ei/Raiden/Body/whoopsIReferencedTheWrongThingRaidenBossRemapBlend.buf
# Mods/Ei/Raiden/Body/Center --> Removing previous RemapBlend.buf at absolute/path/Makoto/MakotoRaidenBossRemapBlend.buf
# Mods/Ei/Raiden/Body/Center --> 
# Mods/Ei/Raiden/Body/Center --> 

# OneWingedAngel --> Creating Backup for oneWingedAngel.ini
# OneWingedAngel --> Removing any previous changes from this script in oneWingedAngel.ini
# OneWingedAngel --> 
# OneWingedAngel --> 

# Mods --> 
# Mods --> !!!!!!!!!!!!!!!!!!!!!!!!!!!!!
# Mods --> 
# Mods --> WARNING: The following *.ini files were skipped due to warnings (see log above):
# Mods --> 
# Mods --> - absolute/path/Mods/Arlecchino/bad_merged.ini:
# Mods --> 	--- KeyError ---
# Mods --> 	"The section by the name 'glitchedOutResource' does not exist"
# Mods --> 
# Mods --> - absolute/path/Mods/Arlecchino/Ugly/shawshank redemption.ini:
# Mods --> 	--- KeyError ---
# Mods --> 	"The section by the name 'BadCommand' does not exist"
# Mods --> 
# Mods --> 
# Mods --> !!!!!!!!!!!!!!!!!!!!!!!!!!!!!
# Mods --> 
# Mods --> 
# Mods --> 
# Mods --> ========== Summary ==========
# Mods --> 
# Mods --> - Out of 13 found mods, remove fix from 13 mods and skipped 0 mods
# Mods --> - Removed fix from up to 12 *.ini files and skipped 2 *.ini files
# Mods --> - Removed 10 old RemapBlend.buf files
# Mods --> 
# Mods --> =============================
# Mods --> 
# Mods --> ENJOY
# Mods --> 



========== Tips ==========
- Hate deleting the "DISABLED_RemapBackup_" .ini/.txt files yourself after running this script? (cuz I know I do!) Run this script again (on CMD) using the --deleteBackup option

For more info on command options, run this script (on CMD) using the --help option
==========================

Creating log file, RemapFixLog.txt
